Last login: Tue Nov 25 10:09:08 on ttys007
anthony@MacBook-Pro-di-Emanuela ~ % cd ~/Desktop/bot-du-millionaire-main
anthony@MacBook-Pro-di-Emanuela ~/Desktop/bot-du-millionaire-main % cd $HOME\Desktop\bot-du-millionaire-main
cd: no such file or directory: /Users/anthonyDesktopbot-du-millionaire-main
anthony@MacBook-Pro-di-Emanuela ~/Desktop/bot-du-millionaire-main % cat > .env << EOF
HELIUS_API_KEY=be5c8bc3-cb64-4141-b691-8ee754b2d3e4
EOF
anthony@MacBook-Pro-di-Emanuela ~/Desktop/bot-du-millionaire-main % pip install flask requests websockets
Requirement already satisfied: flask in /usr/local/lib/python3.11/site-packages (3.0.0)
Requirement already satisfied: requests in /usr/local/lib/python3.11/site-packages (2.31.0)
Collecting websockets
  Using cached websockets-15.0.1-cp311-cp311-macosx_10_9_x86_64.whl.metadata (6.8 kB)
Requirement already satisfied: Werkzeug>=3.0.0 in /usr/local/lib/python3.11/site-packages (from flask) (3.1.3)
Requirement already satisfied: Jinja2>=3.1.2 in /usr/local/lib/python3.11/site-packages (from flask) (3.1.6)
Requirement already satisfied: itsdangerous>=2.1.2 in /usr/local/lib/python3.11/site-packages (from flask) (2.2.0)
Requirement already satisfied: click>=8.1.3 in /usr/local/lib/python3.11/site-packages (from flask) (8.3.1)
Requirement already satisfied: blinker>=1.6.2 in /usr/local/lib/python3.11/site-packages (from flask) (1.9.0)
Requirement already satisfied: charset-normalizer<4,>=2 in /usr/local/lib/python3.11/site-packages (from requests) (3.4.4)
Requirement already satisfied: idna<4,>=2.5 in /usr/local/lib/python3.11/site-packages (from requests) (3.11)
Requirement already satisfied: urllib3<3,>=1.21.1 in /usr/local/lib/python3.11/site-packages (from requests) (2.5.0)
Requirement already satisfied: certifi>=2017.4.17 in /usr/local/lib/python3.11/site-packages (from requests) (2025.11.12)
Requirement already satisfied: MarkupSafe>=2.0 in /usr/local/lib/python3.11/site-packages (from Jinja2>=3.1.2->flask) (3.0.3)
Using cached websockets-15.0.1-cp311-cp311-macosx_10_9_x86_64.whl (173 kB)
Installing collected packages: websockets
Successfully installed websockets-15.0.1
anthony@MacBook-Pro-di-Emanuela ~/Desktop/bot-du-millionaire-main % python bot.py
zsh: command not found: python
anthony@MacBook-Pro-di-Emanuela ~/Desktop/bot-du-millionaire-main % # 1. Installer Homebrew (si pas dÃ©jÃ  fait)
/bin/bash -c "$(curl -fsSL https://raw.githubusercontent.com/Homebrew/install/HEAD/install.sh)"

# 2. Installer Python
brew install python3

# 3. VÃ©rifier
python3 --version

# 4. Lancer le bot
python3 bot.py
zsh: unknown file attribute: i
==> Checking for `sudo` access (which may request your password)...
Password:
==> You are using macOS 12.7.
==> We (and Apple) do not provide support for this old version.
This installation may not succeed.
After installation, you will encounter build failures with some formulae.
Please create pull requests instead of asking for help on Homebrew's GitHub,
Twitter or any other official channels. You are responsible for resolving any
issues you experience while you are running this old version.

==> This script will install:
/usr/local/bin/brew
/usr/local/share/doc/homebrew
/usr/local/share/man/man1/brew.1
/usr/local/share/zsh/site-functions/_brew
/usr/local/etc/bash_completion.d/brew
/usr/local/Homebrew

Press RETURN/ENTER to continue or any other key to abort:
==> /usr/bin/sudo /usr/sbin/chown -R anthony:admin /usr/local/Homebrew
==> Downloading and installing Homebrew...
remote: Enumerating objects: 392, done.
remote: Counting objects: 100% (185/185), done.
remote: Compressing objects: 100% (62/62), done.
remote: Total 392 (delta 152), reused 123 (delta 123), pack-reused 207 (from 5)
==> Updating Homebrew...
Updated 2 taps (homebrew/core and homebrew/cask).
==> Installation successful!

==> Homebrew has enabled anonymous aggregate formulae and cask analytics.
Read the analytics documentation (and how to opt-out) here:
  https://docs.brew.sh/Analytics
No analytics data has been sent yet (nor will any be during this install run).

==> Homebrew is run entirely by unpaid volunteers. Please consider donating:
  https://github.com/Homebrew/brew#donations

==> Next steps:
- Run these commands in your terminal to add Homebrew to your PATH:
    echo >> /Users/anthony/.zprofile
    echo 'eval "$(/usr/local/bin/brew shellenv)"' >> /Users/anthony/.zprofile
    eval "$(/usr/local/bin/brew shellenv)"
- Run brew help to get started
- Further documentation:
    https://docs.brew.sh

zsh: command not found: #
Warning: You are using macOS 12.
We (and Apple) do not provide support for this old version.
You may have better luck with MacPorts which supports older versions of macOS:
  https://www.macports.org

This is a Tier 3 configuration:
  https://docs.brew.sh/Support-Tiers#tier-3
You can report Tier 3 unrelated issues to Homebrew/* repositories!
Read the above document before opening any issues or PRs.

==> Fetching downloads for: python@3.14
âœ”ï¸Ž API Source python@3.14.rb                        [Verifying    23.3KB/ 23.3KB]
==> Downloading https://raw.githubusercontent.com/Homebrew/homebrew-core/a675ea1
Already downloaded: /Users/anthony/Library/Caches/Homebrew/downloads/92751af8b04a288e1d717bac405655a433014fec0272fac97b3a26420a9852d9--cmake.rb
==> Downloading https://raw.githubusercontent.com/Homebrew/homebrew-core/a675ea1
Already downloaded: /Users/anthony/Library/Caches/Homebrew/downloads/9979898aabdd5febee9d483af4d46f5451a83ea6b017485bcae351bf76e11922--zstd.rb
==> Downloading https://raw.githubusercontent.com/Homebrew/homebrew-core/a675ea1
Already downloaded: /Users/anthony/Library/Caches/Homebrew/downloads/dab4079ce71d2ceb7875f781b483f3944d14861bff071d120e5f6cb739adca06--lzip.rb
==> Downloading https://raw.githubusercontent.com/Homebrew/homebrew-core/a675ea1
Already downloaded: /Users/anthony/Library/Caches/Homebrew/downloads/9eced621bf9182be352a2516dec0bb014604e420f9e43c506e7ea1546dcff141--expat.rb
âœ”ï¸Ž Bottle Manifest lz4 (1.10.0)                     [Downloaded   13.8KB/ 13.8KB]
âœ”ï¸Ž Bottle lz4 (1.10.0)                              [Downloaded  308.5KB/308.5KB]
âœ”ï¸Ž API Source cmake.rb                              [Verifying     3.3KB/  3.3KB]
âœ”ï¸Ž Formula cmake (4.2.0)                            [Verifying    12.3MB/ 12.3MB]
âœ”ï¸Ž API Source zstd.rb                               [Verifying     3.8KB/  3.8KB]
âœ”ï¸Ž Formula zstd (1.5.7)                             [Verifying     2.5MB/  2.5MB]
âœ”ï¸Ž API Source lzip.rb                               [Verifying     2.3KB/  2.3KB]
âœ”ï¸Ž Formula lzip (1.25)                              [Verifying   115.6KB/115.6KB]
âœ”ï¸Ž API Source expat.rb                              [Verifying     2.8KB/  2.8KB]
âœ”ï¸Ž Formula expat (2.7.3)                            [Verifying   503.2KB/503.2KB]
âœ”ï¸Ž Resource python@3.14--flit-core                  [Verifying    53.7KB/ 53.7KB]
âœ”ï¸Ž Resource python@3.14--pip                        [Verifying     1.8MB/  1.8MB]
âœ”ï¸Ž Resource python@3.14--wheel                      [Verifying   107.5KB/107.5KB]
âœ”ï¸Ž Patch 3.13-sysconfig.diff                        [Verifying     1.8KB/  1.8KB]
âœ”ï¸Ž Formula python@3.14 (3.14.0)                     [Verifying    30.6MB/ 30.6MB]
==> Installing dependencies for python@3.14: lz4, cmake, zstd, lzip and expat
==> Installing python@3.14 dependency: lz4
==> Pouring lz4--1.10.0.monterey.bottle.1.tar.gz
ðŸº  /usr/local/Cellar/lz4/1.10.0: 24 files, 780.6KB
==> Installing python@3.14 dependency: cmake
==> ./bootstrap --prefix=/usr/local/Cellar/cmake/4.2.0 --no-system-libs --parall
==> make
==> make install
ðŸº  /usr/local/Cellar/cmake/4.2.0: 4,016 files, 71.3MB, built in 13 minutes 52 seconds
==> Installing python@3.14 dependency: zstd
==> cmake -S build/cmake -B builddir -DBUILD_SHARED_LIBS=ON -DZSTD_PROGRAMS_LINK
==> cmake --build builddir
==> cmake --install builddir
ðŸº  /usr/local/Cellar/zstd/1.5.7: 32 files, 2.8MB, built in 29 seconds
==> Installing python@3.14 dependency: lzip
==> ./configure CXX=clang++ CXXFLAGS=
==> make check
==> make install
ðŸº  /usr/local/Cellar/lzip/1.25: 11 files, 239.8KB, built in 8 seconds
==> Installing python@3.14 dependency: expat
==> ./configure --mandir=/usr/local/Cellar/expat/2.7.3/share/man
==> make install
ðŸº  /usr/local/Cellar/expat/2.7.3: 23 files, 682.7KB, built in 23 seconds
==> Installing python@3.14
==> Patching
==> Applying 3.13-sysconfig.diff
==> ./configure --enable-ipv6 --datarootdir=/usr/local/Cellar/python@3.14/3.14.0
==> make